python : 586 INFO: PyInstaller: 6.17.0, contrib hooks: 2026.0
At line:1 char:82
+ ... simulator"; python -m PyInstaller --noconfirm --clean app.spec 2>&1 | ...
+                 ~~~~~~~~~~~~~~~~~~~~~~~~~~~~~~~~~~~~~~~~~~~~~~~~~~~~~~~
    + CategoryInfo          : NotSpecified: (586 INFO: PyIns...b hooks: 2026.0:String) [], RemoteException
    + FullyQualifiedErrorId : NativeCommandError
 
587 INFO: Python: 3.12.6
634 INFO: Platform: Windows-11-10.0.26100-SP0
634 INFO: Python environment: C:\Python312
640 INFO: Removing temporary files and cleaning cache in C:\Users\kobed\AppData\Local\pyinstaller
2333 INFO: Module search paths (PYTHONPATH):
['C:\\Users\\kobed\\OneDrive\\Documenten\\Logo '
 'Github\\PLC-modbus-proces-simulator',
 'C:\\Python312\\python312.zip',
 'C:\\Python312\\DLLs',
 'C:\\Python312\\Lib',
 'C:\\Python312',
 'C:\\Users\\kobed\\AppData\\Roaming\\Python\\Python312\\site-packages',
 'C:\\Users\\kobed\\AppData\\Roaming\\Python\\Python312\\site-packages\\win32',
 'C:\\Users\\kobed\\AppData\\Roaming\\Python\\Python312\\site-packages\\win32\\lib',
 'C:\\Users\\kobed\\AppData\\Roaming\\Python\\Python312\\site-packages\\Pythonwin',
 'C:\\Python312\\Lib\\site-packages',
 'C:\\Users\\kobed\\OneDrive\\Documenten\\Logo '
 'Github\\PLC-modbus-proces-simulator\\src',
 'C:\\Users\\kobed\\OneDrive\\Documenten\\Logo '
 'Github\\PLC-modbus-proces-simulator']
4149 INFO: Appending 'datas' from .spec
4160 INFO: checking Analysis
4160 INFO: Building Analysis because Analysis-00.toc is non existent
4160 INFO: Looking for Python shared library...
4160 INFO: Using Python shared library: C:\Python312\python312.dll
4160 INFO: Running Analysis Analysis-00.toc
4161 INFO: Target bytecode optimization level: 0
4161 INFO: Initializing module dependency graph...
4181 INFO: Initializing module graph hook caches...
4270 INFO: Analyzing modules for base_library.zip ...
6005 INFO: Processing standard module hook 'hook-encodings.py' from 'C:\\Users\\kobed\\AppData\\Roaming\\Python\\Python312\\site-packa
ges\\PyInstaller\\hooks'
10890 INFO: Processing standard module hook 'hook-pickle.py' from 'C:\\Users\\kobed\\AppData\\Roaming\\Python\\Python312\\site-package
s\\PyInstaller\\hooks'
13761 INFO: Processing standard module hook 'hook-heapq.py' from 'C:\\Users\\kobed\\AppData\\Roaming\\Python\\Python312\\site-packages
\\PyInstaller\\hooks'
17208 INFO: Caching module dependency graph...
17275 INFO: Analyzing C:\Users\kobed\OneDrive\Documenten\Logo Github\PLC-modbus-proces-simulator\src\main.py
17652 INFO: Processing standard module hook 'hook-_ctypes.py' from 'C:\\Users\\kobed\\AppData\\Roaming\\Python\\Python312\\site-packag
es\\PyInstaller\\hooks'
17796 INFO: Processing standard module hook 'hook-platform.py' from 'C:\\Users\\kobed\\AppData\\Roaming\\Python\\Python312\\site-packa
ges\\PyInstaller\\hooks'
18320 INFO: Processing standard module hook 'hook-clr.py' from 'C:\\Users\\kobed\\AppData\\Roaming\\Python\\Python312\\site-packages\\
_pyinstaller_hooks_contrib\\stdhooks'
18411 INFO: Processing standard module hook 'hook-clr_loader.py' from 'C:\\Users\\kobed\\AppData\\Roaming\\Python\\Python312\\site-pac
kages\\_pyinstaller_hooks_contrib\\stdhooks'
18803 INFO: Processing standard module hook 'hook-pycparser.py' from 'C:\\Users\\kobed\\AppData\\Roaming\\Python\\Python312\\site-pack
ages\\_pyinstaller_hooks_contrib\\stdhooks'
19752 INFO: Processing standard module hook 'hook-setuptools.py' from 'C:\\Users\\kobed\\AppData\\Roaming\\Python\\Python312\\site-pac
kages\\PyInstaller\\hooks'
19755 INFO: SetuptoolsInfo: initializing cached setuptools info...
21148 INFO: Processing pre-safe-import-module hook 'hook-distutils.py' from 'C:\\Users\\kobed\\AppData\\Roaming\\Python\\Python312\\si
te-packages\\PyInstaller\\hooks\\pre_safe_import_module'
21250 INFO: Processing standard module hook 'hook-sysconfig.py' from 'C:\\Users\\kobed\\AppData\\Roaming\\Python\\Python312\\site-pack
ages\\PyInstaller\\hooks'
21286 INFO: Processing pre-safe-import-module hook 'hook-jaraco.py' from 'C:\\Users\\kobed\\AppData\\Roaming\\Python\\Python312\\site-
packages\\PyInstaller\\hooks\\pre_safe_import_module'
21288 INFO: Setuptools: 'jaraco' appears to be a full setuptools-vendored copy - creating alias to 'setuptools._vendor.jaraco'!
21306 INFO: Processing pre-safe-import-module hook 'hook-more_itertools.py' from 'C:\\Users\\kobed\\AppData\\Roaming\\Python\\Python31
2\\site-packages\\PyInstaller\\hooks\\pre_safe_import_module'
21307 INFO: Setuptools: 'more_itertools' appears to be a setuptools-vendored copy - creating alias to 'setuptools._vendor.more_itertoo
ls'!
21548 INFO: Processing pre-safe-import-module hook 'hook-typing_extensions.py' from 'C:\\Users\\kobed\\AppData\\Roaming\\Python\\Pytho
n312\\site-packages\\PyInstaller\\hooks\\pre_safe_import_module'
21685 INFO: Processing pre-safe-import-module hook 'hook-packaging.py' from 'C:\\Users\\kobed\\AppData\\Roaming\\Python\\Python312\\si
te-packages\\PyInstaller\\hooks\\pre_safe_import_module'
21966 INFO: Processing standard module hook 'hook-setuptools._vendor.jaraco.text.py' from 'C:\\Users\\kobed\\AppData\\Roaming\\Python\
\Python312\\site-packages\\PyInstaller\\hooks'
21969 INFO: Processing pre-safe-import-module hook 'hook-importlib_resources.py' from 'C:\\Users\\kobed\\AppData\\Roaming\\Python\\Pyt
hon312\\site-packages\\PyInstaller\\hooks\\pre_safe_import_module'
22715 INFO: Processing pre-safe-import-module hook 'hook-backports.py' from 'C:\\Users\\kobed\\AppData\\Roaming\\Python\\Python312\\si
te-packages\\PyInstaller\\hooks\\pre_safe_import_module'
22716 INFO: Setuptools: 'backports' appears to be a full setuptools-vendored copy - creating alias to 'setuptools._vendor.backports'!
23023 INFO: Processing pre-safe-import-module hook 'hook-importlib_metadata.py' from 'C:\\Users\\kobed\\AppData\\Roaming\\Python\\Pyth
on312\\site-packages\\PyInstaller\\hooks\\pre_safe_import_module'
23024 INFO: Setuptools: 'importlib_metadata' appears to be a setuptools-vendored copy - creating alias to 'setuptools._vendor.importli
b_metadata'!
23063 INFO: Processing standard module hook 'hook-setuptools._vendor.importlib_metadata.py' from 'C:\\Users\\kobed\\AppData\\Roaming\\
Python\\Python312\\site-packages\\PyInstaller\\hooks'
23102 INFO: Processing pre-safe-import-module hook 'hook-zipp.py' from 'C:\\Users\\kobed\\AppData\\Roaming\\Python\\Python312\\site-pa
ckages\\PyInstaller\\hooks\\pre_safe_import_module'
23103 INFO: Setuptools: 'zipp' appears to be a setuptools-vendored copy - creating alias to 'setuptools._vendor.zipp'!
23603 INFO: Processing pre-safe-import-module hook 'hook-tomli.py' from 'C:\\Users\\kobed\\AppData\\Roaming\\Python\\Python312\\site-p
ackages\\PyInstaller\\hooks\\pre_safe_import_module'
23604 INFO: Setuptools: 'tomli' appears to be a setuptools-vendored copy - creating alias to 'setuptools._vendor.tomli'!
24379 INFO: Processing pre-safe-import-module hook 'hook-wheel.py' from 'C:\\Users\\kobed\\AppData\\Roaming\\Python\\Python312\\site-p
ackages\\PyInstaller\\hooks\\pre_safe_import_module'
25611 INFO: Processing standard module hook 'hook-multiprocessing.util.py' from 'C:\\Users\\kobed\\AppData\\Roaming\\Python\\Python312
\\site-packages\\PyInstaller\\hooks'
25879 INFO: Processing standard module hook 'hook-xml.py' from 'C:\\Users\\kobed\\AppData\\Roaming\\Python\\Python312\\site-packages\\
PyInstaller\\hooks'
26844 INFO: Processing standard module hook 'hook-difflib.py' from 'C:\\Users\\kobed\\AppData\\Roaming\\Python\\Python312\\site-packag
es\\PyInstaller\\hooks'
28764 INFO: Processing standard module hook 'hook-xml.etree.cElementTree.py' from 'C:\\Users\\kobed\\AppData\\Roaming\\Python\\Python3
12\\site-packages\\PyInstaller\\hooks'
29015 INFO: Processing standard module hook 'hook-PyQt5.py' from 'C:\\Users\\kobed\\AppData\\Roaming\\Python\\Python312\\site-packages
\\PyInstaller\\hooks'
30496 INFO: Processing standard module hook 'hook-PyQt5.QtWidgets.py' from 'C:\\Users\\kobed\\AppData\\Roaming\\Python\\Python312\\sit
e-packages\\PyInstaller\\hooks'
35298 INFO: Processing standard module hook 'hook-PyQt5.QtCore.py' from 'C:\\Users\\kobed\\AppData\\Roaming\\Python\\Python312\\site-p
ackages\\PyInstaller\\hooks'
40069 INFO: Processing standard module hook 'hook-PyQt5.QtGui.py' from 'C:\\Users\\kobed\\AppData\\Roaming\\Python\\Python312\\site-pa
ckages\\PyInstaller\\hooks'
